// Jest Snapshot v1, https://goo.gl/fbAQLP

exports[`mock-test it should mock-test 1`] = `"mock"`;
